2026-01-09 15:49:17 [[32m[32minfo[32m[39m] : [32m[32mSendGrid email service initialized[32m[39m
{
  "service": "task-manager-api",
  "environment": "development"
}
2026-01-09 15:49:18 [[32m[32minfo[32m[39m] : [32m[32m{ event: 'REDIS_CONNECTED', url: 'redis://127.0.0.1:6379' }[32m[39m
{
  "service": "task-manager-api",
  "environment": "development"
}
2026-01-09 15:49:18 [[32m[32minfo[32m[39m] : [32m[32m{ event: 'REDIS_READY' }[32m[39m
{
  "service": "task-manager-api",
  "environment": "development"
}
2026-01-09 15:49:20 [[32m[32minfo[32m[39m] : [32m[32mMongoDB Connected: ac-s9ekfws-shard-00-00.bgpiqnj.mongodb.net[32m[39m
{
  "service": "task-manager-api",
  "environment": "development"
}
Γ£à Connected to DB

Generating Strategic Plan...
2026-01-09 15:49:30 [[32m[32minfo[32m[39m] : [32m[32mDeducted from subscription boosts[32m[39m
{
  "service": "task-manager-api",
  "environment": "development",
  "userId": {
    "buffer": {
      "0": 105,
      "1": 96,
      "2": 213,
      "3": 230,
      "4": 98,
      "5": 168,
      "6": 240,
      "7": 210,
      "8": 54,
      "9": 148,
      "10": 44,
      "11": 10
    }
  },
  "deducted": 1,
  "subscriptionBoostsUsed": 1,
  "subscriptionBoostsRemaining": 99
}
2026-01-09 15:49:30 [[33m[33mwarn[33m[39m] : [33m[33mWebSocket not initialized[33m[39m
{
  "service": "task-manager-api",
  "environment": "development"
}
2026-01-09 15:49:31 [[32m[32minfo[32m[39m] : [32m[32mAutonomous Strategic Plan generated and persisted[32m[39m
{
  "service": "task-manager-api",
  "environment": "development",
  "userId": {
    "buffer": {
      "0": 105,
      "1": 96,
      "2": 213,
      "3": 230,
      "4": 98,
      "5": 168,
      "6": 240,
      "7": 210,
      "8": 54,
      "9": 148,
      "10": 44,
      "11": 10
    }
  },
  "planId": {
    "buffer": {
      "0": 105,
      "1": 96,
      "2": 214,
      "3": 51,
      "4": 216,
      "5": 145,
      "6": 219,
      "7": 150,
      "8": 133,
      "9": 59,
      "10": 147,
      "11": 142
    }
  }
}

--- Generated Plan Risks ---
1. Risk: Delayed resolution of the payment gateway issue
   Solution: Increase team resources on the bug fix and set up a dedicated troubleshooting session
2. Risk: Inadequate user communication leading to dissatisfaction
   Solution: Establish a clear communication plan to update users on progress and resolution timelines

Γ£à SUCCESS: All risks have solutions!
2026-01-09 15:49:31 [[33m[33mwarn[33m[39m] : [33m[33mMongoose disconnected from MongoDB[33m[39m
{
  "service": "task-manager-api",
  "environment": "development"
}
